// Jest Snapshot v1, https://goo.gl/fbAQLP

exports[`Accordion renders 1`] = `
Array [
  <div
    key=".$1"
  />,
  <div
    key=".$2"
  />,
  <div
    key=".$3"
  />,
]
`;
